Connected to MongoDB for underground rankings
Using Spotify credentials from environment...
✅ Spotify authenticated successfully!
Analyzing 76 underground artists with real Spotify data...
📝 Keeping all artists in the user's underground list...
Searching Spotify for: 1300SAINT
✓ Found: 1300SAINT (51 popularity, 18,077 followers)
Could not get Spotify top tracks for 1300SAINT
   Spotify: 410,712 est. streams (fallback)
   Last.fm: 649,696 plays, 22,116 listeners
   Deezer: 139 fans
Could not get YouTube data for 1300SAINT
Could not get Apple Music data for 1300SAINT
Searching Discogs for: 1300SAINT by 1300SAINT
No Discogs data found
   Twitter API error: 429
🧠 MEGA POWER Analysis for 1300SAINT...
   📊 MEGA SCORE: 26.8 (Streaming: 1.6, Critical: 9.8, Meta: 20.4, Apple: 0, SoundCloud: 0)
   📊 Monthly Listeners (3 APIs): 166,071 (avg of Spotify:410,712, Last.fm:22,116, Deezer:1,668)
✓ Analyzed 1300SAINT: 166,071 monthly listeners
Searching Spotify for: Apollored1
✓ Found: ApolloRed1 (46 popularity, 26,714 followers)
Could not get Spotify top tracks for Apollored1
   Spotify: 372,007 est. streams (fallback)
   Last.fm: 705,408 plays, 26,468 listeners
   Deezer: 186 fans
Could not get YouTube data for Apollored1
Could not get Apple Music data for Apollored1
Searching Discogs for: ApolloRed1 by ApolloRed1
No Discogs data found
   Twitter API error: 429
🧠 MEGA POWER Analysis for ApolloRed1...
   📊 MEGA SCORE: 27.4 (Streaming: 1.8, Critical: 10.8, Meta: 18.4, Apple: 0, SoundCloud: 0)
   📊 Monthly Listeners (3 APIs): 152,843 (avg of Spotify:372,007, Last.fm:26,468, Deezer:2,232)
✓ Analyzed Apollored1: 152,843 monthly listeners
Searching Spotify for: Babystaydown
✓ Found: Babystaydown (40 popularity, 4,645 followers)
Could not get Spotify top tracks for Babystaydown
   Spotify: 320,697 est. streams (fallback)
   Last.fm: 145,794 plays, 5,130 listeners
   Deezer: 45 fans
Could not get YouTube data for Babystaydown
Could not get Apple Music data for Babystaydown
Searching Discogs for: Babystaydown by Babystaydown
No Discogs data found
   Twitter API error: 429
🧠 MEGA POWER Analysis for Babystaydown...
   📊 MEGA SCORE: 27.9 (Streaming: 1.0, Critical: 12.0, Meta: 16.0, Apple: 0, SoundCloud: 0)
   📊 Monthly Listeners (3 APIs): 125,266 (avg of Spotify:320,697, Last.fm:5,130, Deezer:540)
✓ Analyzed Babystaydown: 125,266 monthly listeners
Searching Spotify for: Bandanna$aint
✓ Found: Bandanna$aint (36 popularity, 10,188 followers)
Could not get Spotify top tracks for Bandanna$aint
   Spotify: 289,528 est. streams (fallback)
   Last.fm: 555,729 plays, 26,128 listeners
   Deezer: 57 fans
Could not get YouTube data for Bandanna$aint
Could not get Apple Music data for Bandanna$aint
Searching Discogs for: Bandanna$aint by Bandanna$aint
No Discogs data found
   Twitter API error: 429
🧠 MEGA POWER Analysis for Bandanna$aint...
   📊 MEGA SCORE: 28.5 (Streaming: 1.1, Critical: 12.8, Meta: 14.4, Apple: 0, SoundCloud: 0)
   📊 Monthly Listeners (3 APIs): 120,585 (avg of Spotify:289,528, Last.fm:26,128, Deezer:684)
✓ Analyzed Bandanna$aint: 120,585 monthly listeners
Searching Spotify for: Bear1boss
✓ Found: Bear1Boss (35 popularity, 14,926 followers)
Could not get Spotify top tracks for Bear1boss
   Spotify: 282,239 est. streams (fallback)
   Last.fm: 1,189,390 plays, 59,454 listeners
   Deezer: 136 fans
Could not get YouTube data for Bear1boss
Could not get Apple Music data for Bear1boss
Searching Discogs for: Bear1Boss by Bear1Boss
No Discogs data found
   Twitter API error: 429
🧠 MEGA POWER Analysis for Bear1Boss...
   📊 MEGA SCORE: 28.6 (Streaming: 1.3, Critical: 13.0, Meta: 14.0, Apple: 0, SoundCloud: 0)
   📊 Monthly Listeners (3 APIs): 129,573 (avg of Spotify:282,239, Last.fm:59,454, Deezer:1,632)
✓ Analyzed Bear1boss: 129,573 monthly listeners
Searching Spotify for: Bleedlivin
✓ Found: Bleedlivin (3 popularity, 53 followers)
Could not get Spotify top tracks for Bleedlivin
   Spotify: 24,008 est. streams (fallback)
   Last.fm: 1,430 plays, 256 listeners
   Deezer: 1 fans
Could not get YouTube data for Bleedlivin
Could not get Apple Music data for Bleedlivin
Searching Discogs for: Bleedlivin by Bleedlivin
No Discogs data found
   Twitter API error: 429
🧠 MEGA POWER Analysis for Bleedlivin...
   📊 MEGA SCORE: 32.2 (Streaming: 0.1, Critical: 19.4, Meta: 1.2, Apple: 0, SoundCloud: 0)
   📊 Monthly Listeners (3 APIs): 9,326 (avg of Spotify:24,008, Last.fm:256, Deezer:12)
✓ Analyzed Bleedlivin: 9,326 monthly listeners
Searching Spotify for: Brennan Jones
✓ Found: Brennan Jones (47 popularity, 40,632 followers)
Could not get Spotify top tracks for Brennan Jones
   Spotify: 382,095 est. streams (fallback)
   Last.fm: 4,616,671 plays, 88,219 listeners
   Deezer: 236 fans
Could not get YouTube data for Brennan Jones
Could not get Apple Music data for Brennan Jones
Searching Discogs for: Brennan Jones by Brennan Jones
No Discogs data found
   Twitter API error: 429
🧠 MEGA POWER Analysis for Brennan Jones...
   📊 MEGA SCORE: 27.6 (Streaming: 2.9, Critical: 10.6, Meta: 18.8, Apple: 0, SoundCloud: 0)
   📊 Monthly Listeners (3 APIs): 178,259 (avg of Spotify:382,095, Last.fm:88,219, Deezer:2,832)
✓ Analyzed Brennan Jones: 178,259 monthly listeners
Searching Spotify for: Dellyvadova
✓ Found: Dellyvadova (9 popularity, 322 followers)
Could not get Spotify top tracks for Dellyvadova
   Spotify: 72,048 est. streams (fallback)
   Last.fm: 9,428 plays, 461 listeners
   Deezer: 3 fans
Could not get YouTube data for Dellyvadova
Could not get Apple Music data for Dellyvadova
Searching Discogs for: Dellyvadova by Dellyvadova
No Discogs data found
   Twitter API error: 429
🧠 MEGA POWER Analysis for Dellyvadova...
   📊 MEGA SCORE: 31.5 (Streaming: 0.2, Critical: 18.2, Meta: 3.6, Apple: 0, SoundCloud: 0)
   📊 Monthly Listeners (3 APIs): 27,880 (avg of Spotify:72,048, Last.fm:461, Deezer:36)
✓ Analyzed Dellyvadova: 27,880 monthly listeners
Searching Spotify for: Destroy lonely
✓ Found: Destroy Lonely (77 popularity, 1,677,512 followers)
Could not get Spotify top tracks for Destroy lonely
   Spotify: 867,627 est. streams (fallback)
   Last.fm: 163,896,702 plays, 823,504 listeners
   Deezer: 53,580 fans
Could not get YouTube data for Destroy lonely
Could not get Apple Music data for Destroy lonely
Searching Discogs for: Destroy Lonely by Destroy Lonely
No Discogs data found
   Twitter API error: 429
🧠 MEGA POWER Analysis for Destroy Lonely...
   📊 MEGA SCORE: 44.5 (Streaming: 84.9, Critical: 4.6, Meta: 30.8, Apple: 0, SoundCloud: 0)
   📊 Monthly Listeners (3 APIs): 791,866 (avg of Spotify:867,627, Last.fm:823,504, Deezer:642,960)
✓ Analyzed Destroy lonely: 791,866 monthly listeners
Searching Spotify for: diamond*
✓ Found: diamond* (39 popularity, 3,411 followers)
Could not get Spotify top tracks for diamond*
   Spotify: 312,512 est. streams (fallback)
   Last.fm: 197,212 plays, 9,115 listeners
   Deezer: 6 fans
Could not get YouTube data for diamond*
Could not get Apple Music data for diamond*
Searching Discogs for: diamond* by diamond*
Discogs data found: null/5 (0 votes)
   Discogs: 0/5 rating (0 votes)
   Twitter API error: 429
🧠 MEGA POWER Analysis for diamond*...
   📊 MEGA SCORE: 28.0 (Streaming: 0.9, Critical: 12.2, Meta: 15.6, Apple: 0, SoundCloud: 0)
   📊 Monthly Listeners (3 APIs): 123,372 (avg of Spotify:312,512, Last.fm:9,115, Deezer:72)
✓ Analyzed diamond*: 123,372 monthly listeners
Searching Spotify for: Diorvsyou
✓ Found: Diorvsyou (44 popularity, 17,833 followers)
Could not get Spotify top tracks for Diorvsyou
   Spotify: 354,675 est. streams (fallback)
   Last.fm: 1,082,875 plays, 31,692 listeners
   Deezer: 115 fans
Could not get YouTube data for Diorvsyou
Could not get Apple Music data for Diorvsyou
Searching Discogs for: Diorvsyou by Diorvsyou
No Discogs data found
   Twitter API error: 429
🧠 MEGA POWER Analysis for Diorvsyou...
   📊 MEGA SCORE: 27.6 (Streaming: 1.6, Critical: 11.2, Meta: 17.6, Apple: 0, SoundCloud: 0)
   📊 Monthly Listeners (3 APIs): 147,755 (avg of Spotify:354,675, Last.fm:31,692, Deezer:1,380)
✓ Analyzed Diorvsyou: 147,755 monthly listeners
Searching Spotify for: eternalvail
❌ No good match found for: eternalvail (best similarity: 0.00), skipping
Searching Spotify for: Feng
✓ Found: Feng (66 popularity, 110,127 followers)
Could not get Spotify top tracks for Feng
   Spotify: 544,519 est. streams (fallback)
   Last.fm: 12,943,012 plays, 174,703 listeners
   Deezer: 786 fans
Could not get YouTube data for Feng
Could not get Apple Music data for Feng
Searching Discogs for: Feng by Feng
Discogs data found: null/5 (0 votes)
   Discogs: 0/5 rating (0 votes)
   Twitter API error: 429
🧠 MEGA POWER Analysis for Feng...
   📊 MEGA SCORE: 26.3 (Streaming: 6.8, Critical: 6.8, Meta: 26.4, Apple: 0, SoundCloud: 0)
   📊 Monthly Listeners (3 APIs): 272,444 (avg of Spotify:544,519, Last.fm:174,703, Deezer:9,432)
✓ Analyzed Feng: 272,444 monthly listeners
Searching Spotify for: Glokk40spaz
✓ Found: Glokk40Spaz (67 popularity, 323,221 followers)
Could not get Spotify top tracks for Glokk40spaz
   Spotify: 584,483 est. streams (fallback)
   Last.fm: 37,276,245 plays, 240,761 listeners
   Deezer: 6,959 fans
Could not get YouTube data for Glokk40spaz
Could not get Apple Music data for Glokk40spaz
Searching Discogs for: Glokk40Spaz by Glokk40Spaz
No Discogs data found
   Twitter API error: 429
🧠 MEGA POWER Analysis for Glokk40Spaz...
   📊 MEGA SCORE: 29.0 (Streaming: 18.0, Critical: 6.6, Meta: 26.8, Apple: 0, SoundCloud: 0)
   📊 Monthly Listeners (3 APIs): 330,624 (avg of Spotify:584,483, Last.fm:240,761, Deezer:83,508)
✓ Analyzed Glokk40spaz: 330,624 monthly listeners
Searching Spotify for: Hardrock
✓ Found: Hardrock (51 popularity, 131,984 followers)
Could not get Spotify top tracks for Hardrock
   Spotify: 427,798 est. streams (fallback)
   Last.fm: 12,427,952 plays, 201,820 listeners
   Deezer: 1,697 fans
Could not get YouTube data for Hardrock
Could not get Apple Music data for Hardrock
Searching Discogs for: Hardrock by Hardrock
Discogs data found: null/5 (0 votes)
   Discogs: 0/5 rating (0 votes)
   Twitter API error: 429
🧠 MEGA POWER Analysis for Hardrock...
   📊 MEGA SCORE: 28.2 (Streaming: 7.1, Critical: 9.8, Meta: 20.4, Apple: 0, SoundCloud: 0)
   📊 Monthly Listeners (3 APIs): 239,881 (avg of Spotify:427,798, Last.fm:201,820, Deezer:20,364)
✓ Analyzed Hardrock: 239,881 monthly listeners
Searching Spotify for: Homixide gang
✓ Found: Homixide Gang (65 popularity, 557,804 followers)
Could not get Spotify top tracks for Homixide gang
   Spotify: 603,671 est. streams (fallback)
   Last.fm: 48,982,751 plays, 447,273 listeners
   Deezer: 17,971 fans
Could not get YouTube data for Homixide gang
Could not get Apple Music data for Homixide gang
Searching Discogs for: Homixide Gang by Homixide Gang
No Discogs data found
   Twitter API error: 429
🧠 MEGA POWER Analysis for Homixide Gang...
   📊 MEGA SCORE: 31.7 (Streaming: 27.9, Critical: 7.0, Meta: 26.0, Apple: 0, SoundCloud: 0)
   📊 Monthly Listeners (3 APIs): 445,067 (avg of Spotify:603,671, Last.fm:447,273, Deezer:215,652)
✓ Analyzed Homixide gang: 445,067 monthly listeners
Searching Spotify for: Kankan
✓ Found: Kankan (56 popularity, 427,916 followers)
Could not get Spotify top tracks for Kankan
   Spotify: 512,187 est. streams (fallback)
   Last.fm: 41,625,381 plays, 586,915 listeners
   Deezer: 4,355 fans
Could not get YouTube data for Kankan
Could not get Apple Music data for Kankan
Searching Discogs for: Kankan by Kankan
Discogs data found: null/5 (0 votes)
   Discogs: 0/5 rating (0 votes)
   Twitter API error: 429
🧠 MEGA POWER Analysis for Kankan...
   📊 MEGA SCORE: 31.0 (Streaming: 21.0, Critical: 8.8, Meta: 22.4, Apple: 0, SoundCloud: 0)
   📊 Monthly Listeners (3 APIs): 414,228 (avg of Spotify:512,187, Last.fm:586,915, Deezer:52,260)
✓ Analyzed Kankan: 414,228 monthly listeners
Searching Spotify for: Kels!
❌ No good match found for: Kels! (best similarity: 0.00), skipping
Searching Spotify for: Ken Carson
✓ Found: Ken Carson (80 popularity, 3,119,414 followers)
Could not get Spotify top tracks for Ken Carson
   Spotify: 1,107,912 est. streams (fallback)
   Last.fm: 243,003,706 plays, 1,056,651 listeners
   Deezer: 85,486 fans
Could not get YouTube data for Ken Carson
Could not get Apple Music data for Ken Carson
Searching Discogs for: Ken Carson by Ken Carson
Discogs data found: null/5 (0 votes)
   Discogs: 0/5 rating (0 votes)
   Twitter API error: 429
🧠 MEGA POWER Analysis for Ken Carson...
   📊 MEGA SCORE: 58.4 (Streaming: 142.2, Critical: 4.0, Meta: 32.0, Apple: 0, SoundCloud: 0)
   📊 Monthly Listeners (3 APIs): 1,068,069 (avg of Spotify:1,107,912, Last.fm:1,056,651, Deezer:1,025,832)
✓ Analyzed Ken Carson: 1,068,069 monthly listeners
Searching Spotify for: Kikotali
❌ No good match found for: Kikotali (best similarity: 0.00), skipping
Searching Spotify for: Kioracks
✓ Found: Kioracks (14 popularity, 384 followers)
Could not get Spotify top tracks for Kioracks
   Spotify: 112,058 est. streams (fallback)
   Last.fm: 5,808 plays, 704 listeners
   Deezer: 2 fans
Could not get YouTube data for Kioracks
Could not get Apple Music data for Kioracks
Searching Discogs for: Kioracks by Kioracks
No Discogs data found
   Twitter API error: 429
🧠 MEGA POWER Analysis for Kioracks...
   📊 MEGA SCORE: 30.9 (Streaming: 0.3, Critical: 17.2, Meta: 5.6, Apple: 0, SoundCloud: 0)
   📊 Monthly Listeners (3 APIs): 43,349 (avg of Spotify:112,058, Last.fm:704, Deezer:24)
✓ Analyzed Kioracks: 43,349 monthly listeners
Searching Spotify for: ladé
✓ Found: Ladé (30 popularity, 32,093 followers)
Could not get Spotify top tracks for ladé
   Spotify: 244,814 est. streams (fallback)
   Last.fm: 22,241 plays, 2,878 listeners
   Deezer: 243 fans
Could not get YouTube data for ladé
Could not get Apple Music data for ladé
Searching Discogs for: Ladé by Ladé
Discogs data found: null/5 (0 votes)
   Discogs: 0/5 rating (0 votes)
   Twitter API error: 429
🧠 MEGA POWER Analysis for Ladé...
   📊 MEGA SCORE: 29.3 (Streaming: 1.5, Critical: 14.0, Meta: 12.0, Apple: 0, SoundCloud: 0)
   📊 Monthly Listeners (3 APIs): 95,941 (avg of Spotify:244,814, Last.fm:2,878, Deezer:2,916)
✓ Analyzed ladé: 95,941 monthly listeners
Searching Spotify for: Lesgokev
✓ Found: lesgokev (0 popularity, 0 followers)
Could not get Spotify top tracks for Lesgokev
   Spotify: 0 est. streams (fallback)
   Last.fm: 30,055 plays, 2,622 listeners
   Deezer: 15 fans
Could not get YouTube data for Lesgokev
Could not get Apple Music data for Lesgokev
Searching Discogs for: lesgokev by lesgokev
No Discogs data found
   Twitter API error: 429
🧠 MEGA POWER Analysis for lesgokev...
   📊 MEGA SCORE: 32.5 (Streaming: 0.0, Critical: 20.0, Meta: 0.0, Apple: 0, SoundCloud: 0)
   📊 Monthly Listeners (2 APIs): 1,554 (avg of Last.fm:2,622, Deezer:180)
✓ Analyzed Lesgokev: 1,554 monthly listeners
Searching Spotify for: Lil Righteous
✓ Found: Lil Righteous (6 popularity, 168 followers)
Could not get Spotify top tracks for Lil Righteous
   Spotify: 48,025 est. streams (fallback)
   Last.fm: 2,312 plays, 140 listeners
   Deezer: 3 fans
Could not get YouTube data for Lil Righteous
Could not get Apple Music data for Lil Righteous
Searching Discogs for: Lil Righteous by Lil Righteous
No Discogs data found
   Twitter API error: 429
🧠 MEGA POWER Analysis for Lil Righteous...
   📊 MEGA SCORE: 31.8 (Streaming: 0.1, Critical: 18.8, Meta: 2.4, Apple: 0, SoundCloud: 0)
   📊 Monthly Listeners (3 APIs): 18,529 (avg of Spotify:48,025, Last.fm:140, Deezer:36)
✓ Analyzed Lil Righteous: 18,529 monthly listeners
Searching Spotify for: lilxt
❌ No good match found for: lilxt (best similarity: 0.00), skipping
Searching Spotify for: Lucki
✓ Found: LUCKI (79 popularity, 1,755,199 followers)
Could not get Spotify top tracks for Lucki
   Spotify: 895,280 est. streams (fallback)
   Last.fm: 256,045,226 plays, 1,062,125 listeners
   Deezer: 32,078 fans
Could not get YouTube data for Lucki
Could not get Apple Music data for Lucki
Searching Discogs for: LUCKI by LUCKI
Discogs data found: null/5 (0 votes)
   Discogs: 0/5 rating (0 votes)
   Twitter API error: 429
🧠 MEGA POWER Analysis for LUCKI...
   📊 MEGA SCORE: 48.6 (Streaming: 102.1, Critical: 4.2, Meta: 31.6, Apple: 0, SoundCloud: 0)
   📊 Monthly Listeners (3 APIs): 815,634 (avg of Spotify:895,280, Last.fm:1,062,125, Deezer:384,936)
✓ Analyzed Lucki: 815,634 monthly listeners
Searching Spotify for: Maxon
✓ Found: maxon (46 popularity, 26,032 followers)
Could not get Spotify top tracks for Maxon
   Spotify: 371,905 est. streams (fallback)
   Last.fm: 2,624,894 plays, 60,654 listeners
   Deezer: 3 fans
Could not get YouTube data for Maxon
Could not get Apple Music data for Maxon
Searching Discogs for: maxon by maxon
Discogs data found: null/5 (0 votes)
   Discogs: 0/5 rating (0 votes)
   Twitter API error: 429
🧠 MEGA POWER Analysis for maxon...
   📊 MEGA SCORE: 27.5 (Streaming: 2.1, Critical: 10.8, Meta: 18.4, Apple: 0, SoundCloud: 0)
   📊 Monthly Listeners (3 APIs): 164,046 (avg of Spotify:371,905, Last.fm:60,654, Deezer:36)
✓ Analyzed Maxon: 164,046 monthly listeners
Searching Spotify for: Nate X
✓ Found: Nate X (7 popularity, 362 followers)
Could not get Spotify top tracks for Nate X
   Spotify: 56,054 est. streams (fallback)
   Last.fm: 2,047 plays, 268 listeners
   Deezer: 18 fans
Could not get YouTube data for Nate X
Could not get Apple Music data for Nate X
Searching Discogs for: Nate X by Nate X
No Discogs data found
   Twitter API error: 429
🧠 MEGA POWER Analysis for Nate X...
   📊 MEGA SCORE: 31.7 (Streaming: 0.2, Critical: 18.6, Meta: 2.8, Apple: 0, SoundCloud: 0)
   📊 Monthly Listeners (3 APIs): 21,710 (avg of Spotify:56,054, Last.fm:268, Deezer:216)
✓ Analyzed Nate X: 21,710 monthly listeners
Searching Spotify for: Nine Vicious
✓ Found: Nine Vicious (63 popularity, 73,667 followers)
Could not get Spotify top tracks for Nine Vicious
   Spotify: 515,050 est. streams (fallback)
   Last.fm: 8,900,003 plays, 91,159 listeners
   Deezer: 928 fans
Could not get YouTube data for Nine Vicious
Could not get Apple Music data for Nine Vicious
Searching Discogs for: Nine Vicious by Nine Vicious
No Discogs data found
   Twitter API error: 429
🧠 MEGA POWER Analysis for Nine Vicious...
   📊 MEGA SCORE: 26.2 (Streaming: 5.0, Critical: 7.4, Meta: 25.2, Apple: 0, SoundCloud: 0)
   📊 Monthly Listeners (3 APIs): 232,649 (avg of Spotify:515,050, Last.fm:91,159, Deezer:11,136)
✓ Analyzed Nine Vicious: 232,649 monthly listeners
Searching Spotify for: nosaint
✓ Found: Nosaint (0 popularity, 149 followers)
Could not get Spotify top tracks for nosaint
   Spotify: 22 est. streams (fallback)
   Last.fm: 122,057 plays, 9,430 listeners
   Deezer: 224 fans
Could not get YouTube data for nosaint
Could not get Apple Music data for nosaint
Searching Discogs for: Nosaint by Nosaint
No Discogs data found
   Twitter API error: 429
🧠 MEGA POWER Analysis for Nosaint...
   📊 MEGA SCORE: 32.5 (Streaming: 0.1, Critical: 20.0, Meta: 0.0, Apple: 0, SoundCloud: 0)
   📊 Monthly Listeners (3 APIs): 3,996 (avg of Spotify:22, Last.fm:9,430, Deezer:2,688)
✓ Analyzed nosaint: 3,996 monthly listeners
Searching Spotify for: ohsxnta
✓ Found: ohsxnta (48 popularity, 40,275 followers)
Could not get Spotify top tracks for ohsxnta
   Spotify: 390,041 est. streams (fallback)
   Last.fm: 3,963,028 plays, 64,901 listeners
   Deezer: 195 fans
Could not get YouTube data for ohsxnta
Could not get Apple Music data for ohsxnta
Searching Discogs for: ohsxnta by ohsxnta
No Discogs data found
   Twitter API error: 429
🧠 MEGA POWER Analysis for ohsxnta...
   📊 MEGA SCORE: 27.4 (Streaming: 2.8, Critical: 10.4, Meta: 19.2, Apple: 0, SoundCloud: 0)
   📊 Monthly Listeners (3 APIs): 173,112 (avg of Spotify:390,041, Last.fm:64,901, Deezer:2,340)
✓ Analyzed ohsxnta: 173,112 monthly listeners
Searching Spotify for: Pradabagshawty
✓ Found: Pradabagshawty (62 popularity, 53,032 followers)
Could not get Spotify top tracks for Pradabagshawty
   Spotify: 503,955 est. streams (fallback)
   Last.fm: 2,927,990 plays, 48,562 listeners
   Deezer: 248 fans
Could not get YouTube data for Pradabagshawty
Could not get Apple Music data for Pradabagshawty
Searching Discogs for: Pradabagshawty by Pradabagshawty
No Discogs data found
   Twitter API error: 429
🧠 MEGA POWER Analysis for Pradabagshawty...
   📊 MEGA SCORE: 25.9 (Streaming: 3.2, Critical: 7.6, Meta: 24.8, Apple: 0, SoundCloud: 0)
   📊 Monthly Listeners (3 APIs): 211,440 (avg of Spotify:503,955, Last.fm:48,562, Deezer:2,976)
✓ Analyzed Pradabagshawty: 211,440 monthly listeners
Searching Spotify for: Prettifun
✓ Found: prettifun (57 popularity, 86,403 followers)
Could not get Spotify top tracks for Prettifun
   Spotify: 468,960 est. streams (fallback)
   Last.fm: 6,530,554 plays, 86,596 listeners
   Deezer: 1,192 fans
Could not get YouTube data for Prettifun
Could not get Apple Music data for Prettifun
Searching Discogs for: prettifun by prettifun
No Discogs data found
   Twitter API error: 429
🧠 MEGA POWER Analysis for prettifun...
   📊 MEGA SCORE: 26.9 (Streaming: 4.8, Critical: 8.6, Meta: 22.8, Apple: 0, SoundCloud: 0)
   📊 Monthly Listeners (3 APIs): 214,196 (avg of Spotify:468,960, Last.fm:86,596, Deezer:14,304)
✓ Analyzed Prettifun: 214,196 monthly listeners
Searching Spotify for: Protect
✓ Found: Protect (59 popularity, 71,821 followers)
Could not get Spotify top tracks for Protect
   Spotify: 482,773 est. streams (fallback)
   Last.fm: 7,729,400 plays, 108,980 listeners
   Deezer: 485 fans
Could not get YouTube data for Protect
Could not get Apple Music data for Protect
Searching Discogs for: Protect by Protect
Discogs data found: null/5 (0 votes)
   Discogs: 0/5 rating (0 votes)
   Twitter API error: 429
🧠 MEGA POWER Analysis for Protect...
   📊 MEGA SCORE: 26.6 (Streaming: 4.6, Critical: 8.2, Meta: 23.6, Apple: 0, SoundCloud: 0)
   📊 Monthly Listeners (3 APIs): 224,973 (avg of Spotify:482,773, Last.fm:108,980, Deezer:5,820)
✓ Analyzed Protect: 224,973 monthly listeners
Searching Spotify for: Rickityrackzz
❌ No good match found for: Rickityrackzz (best similarity: 0.00), skipping
Searching Spotify for: Rollin Thrax
✓ Found: Rollin Thrax (41 popularity, 32,666 followers)
Could not get Spotify top tracks for Rollin Thrax
   Spotify: 332,900 est. streams (fallback)
   Last.fm: 1,769,350 plays, 110,499 listeners
   Deezer: 172 fans
Could not get YouTube data for Rollin Thrax
Could not get Apple Music data for Rollin Thrax
Searching Discogs for: Rollin Thrax by Rollin Thrax
No Discogs data found
   Twitter API error: 429
🧠 MEGA POWER Analysis for Rollin Thrax...
   📊 MEGA SCORE: 28.1 (Streaming: 2.0, Critical: 11.8, Meta: 16.4, Apple: 0, SoundCloud: 0)
   📊 Monthly Listeners (3 APIs): 166,844 (avg of Spotify:332,900, Last.fm:110,499, Deezer:2,064)
✓ Analyzed Rollin Thrax: 166,844 monthly listeners
Searching Spotify for: rollinthrax
✓ Found: RollinThrax (0 popularity, 29 followers)
Could not get Spotify top tracks for rollinthrax
   Spotify: 4 est. streams (fallback)
   Last.fm: 17,647 plays, 1,080 listeners
   Deezer: 172 fans
Could not get YouTube data for rollinthrax
Could not get Apple Music data for rollinthrax
Searching Discogs for: RollinThrax by RollinThrax
No Discogs data found
   Twitter API error: 429
🧠 MEGA POWER Analysis for RollinThrax...
   📊 MEGA SCORE: 32.5 (Streaming: 0.0, Critical: 20.0, Meta: 0.0, Apple: 0, SoundCloud: 0)
   📊 Monthly Listeners (3 APIs): 931 (avg of Spotify:4, Last.fm:1,080, Deezer:2,064)
✓ Analyzed rollinthrax: 931 monthly listeners
Searching Spotify for: savehills
✓ Found: Savehills (0 popularity, 9 followers)
Could not get Spotify top tracks for savehills
   Spotify: 1 est. streams (fallback)
   Last.fm: 97 plays, 21 listeners
   Deezer: 256 fans
Could not get YouTube data for savehills
Could not get Apple Music data for savehills
Searching Discogs for: Savehills by Savehills
No Discogs data found
   Twitter API error: 429
🧠 MEGA POWER Analysis for Savehills...
   📊 MEGA SCORE: 32.5 (Streaming: 0.0, Critical: 20.0, Meta: 0.0, Apple: 0, SoundCloud: 0)
   📊 Monthly Listeners (3 APIs): 835 (avg of Spotify:1, Last.fm:21, Deezer:3,072)
✓ Analyzed savehills: 835 monthly listeners
Searching Spotify for: Seventhirtyatmorning
✓ Found: Seventhirtyatmorning (37 popularity, 4,681 followers)
Could not get Spotify top tracks for Seventhirtyatmorning
   Spotify: 296,702 est. streams (fallback)
   Last.fm: 284,451 plays, 11,146 listeners
   Deezer: 32 fans
Could not get YouTube data for Seventhirtyatmorning
Could not get Apple Music data for Seventhirtyatmorning
Searching Discogs for: Seventhirtyatmorning by Seventhirtyatmorning
No Discogs data found
   Twitter API error: 429
🧠 MEGA POWER Analysis for Seventhirtyatmorning...
   📊 MEGA SCORE: 28.3 (Streaming: 0.9, Critical: 12.6, Meta: 14.8, Apple: 0, SoundCloud: 0)
   📊 Monthly Listeners (3 APIs): 118,078 (avg of Spotify:296,702, Last.fm:11,146, Deezer:384)
✓ Analyzed Seventhirtyatmorning: 118,078 monthly listeners
Searching Spotify for: shrimpasta
❌ No good match found for: shrimpasta (best similarity: 0.00), skipping
Searching Spotify for: Sixbill
Error analyzing Sixbill: 
Searching Spotify for: Sk8star
✓ Found: Sk8star (41 popularity, 15,089 followers)
Could not get Spotify top tracks for Sk8star
   Spotify: 330,263 est. streams (fallback)
   Last.fm: 717,001 plays, 27,201 listeners
   Deezer: 88 fans
Could not get YouTube data for Sk8star
Could not get Apple Music data for Sk8star
Searching Discogs for: Sk8star by Sk8star
No Discogs data found
   Twitter API error: 429
🧠 MEGA POWER Analysis for Sk8star...
   📊 MEGA SCORE: 27.9 (Streaming: 1.4, Critical: 11.8, Meta: 16.4, Apple: 0, SoundCloud: 0)
   📊 Monthly Listeners (3 APIs): 136,724 (avg of Spotify:330,263, Last.fm:27,201, Deezer:1,056)
✓ Analyzed Sk8star: 136,724 monthly listeners
Searching Spotify for: skaiwater
✓ Found: skaiwater (52 popularity, 142,607 followers)
Could not get Spotify top tracks for skaiwater
   Spotify: 437,391 est. streams (fallback)
   Last.fm: 8,692,505 plays, 304,012 listeners
   Deezer: 1,540 fans
Could not get YouTube data for skaiwater
Could not get Apple Music data for skaiwater
Searching Discogs for: skaiwater by skaiwater
No Discogs data found
   Twitter API error: 429
🧠 MEGA POWER Analysis for skaiwater...
   📊 MEGA SCORE: 27.9 (Streaming: 6.6, Critical: 9.6, Meta: 20.8, Apple: 0, SoundCloud: 0)
   📊 Monthly Listeners (3 APIs): 278,438 (avg of Spotify:437,391, Last.fm:304,012, Deezer:18,480)
✓ Analyzed skaiwater: 278,438 monthly listeners
Searching Spotify for: Southsidesilhouette
✓ Found: Southsidesilhouette (42 popularity, 35,769 followers)
Could not get Spotify top tracks for Southsidesilhouette
   Spotify: 341,365 est. streams (fallback)
   Last.fm: 2,903,383 plays, 58,458 listeners
   Deezer: 272 fans
Could not get YouTube data for Southsidesilhouette
Could not get Apple Music data for Southsidesilhouette
Searching Discogs for: Southsidesilhouette by Southsidesilhouette
No Discogs data found
   Twitter API error: 429
🧠 MEGA POWER Analysis for Southsidesilhouette...
   📊 MEGA SCORE: 28.1 (Streaming: 2.4, Critical: 11.6, Meta: 16.8, Apple: 0, SoundCloud: 0)
   📊 Monthly Listeners (3 APIs): 152,408 (avg of Spotify:341,365, Last.fm:58,458, Deezer:3,264)
✓ Analyzed Southsidesilhouette: 152,408 monthly listeners
Searching Spotify for: Strxtch
✓ Found: Strxtch (7 popularity, 31 followers)
Could not get Spotify top tracks for Strxtch
   Spotify: 56,005 est. streams (fallback)
   Last.fm: 4,837 plays, 724 listeners
   Deezer: 1 fans
Could not get YouTube data for Strxtch
Could not get Apple Music data for Strxtch
Searching Discogs for: Strxtch by Strxtch
No Discogs data found
   Twitter API error: 429
🧠 MEGA POWER Analysis for Strxtch...
   📊 MEGA SCORE: 31.7 (Streaming: 0.1, Critical: 18.6, Meta: 2.8, Apple: 0, SoundCloud: 0)
   📊 Monthly Listeners (3 APIs): 21,794 (avg of Spotify:56,005, Last.fm:724, Deezer:12)
✓ Analyzed Strxtch: 21,794 monthly listeners
Searching Spotify for: tali the one
✓ Found: tali the one (5 popularity, 174 followers)
Could not get Spotify top tracks for tali the one
   Spotify: 40,026 est. streams (fallback)
   Last.fm: 4,109 plays, 225 listeners
   Deezer: 1,442 fans
Could not get YouTube data for tali the one
Could not get Apple Music data for tali the one
Searching Discogs for: tali the one by tali the one
No Discogs data found
   Twitter API error: 429
🧠 MEGA POWER Analysis for tali the one...
   📊 MEGA SCORE: 32.0 (Streaming: 0.3, Critical: 19.0, Meta: 2.0, Apple: 0, SoundCloud: 0)
   📊 Monthly Listeners (3 APIs): 20,131 (avg of Spotify:40,026, Last.fm:225, Deezer:17,304)
✓ Analyzed tali the one: 20,131 monthly listeners
Searching Spotify for: tana
✓ Found: tana (58 popularity, 454,365 followers)
Could not get Spotify top tracks for tana
   Spotify: 532,155 est. streams (fallback)
   Last.fm: 11,635,662 plays, 362,247 listeners
   Deezer: 2,630 fans
Could not get YouTube data for tana
Could not get Apple Music data for tana
Searching Discogs for: tana by tana
Discogs data found: null/5 (0 votes)
   Discogs: 0/5 rating (0 votes)
   Twitter API error: 429
🧠 MEGA POWER Analysis for tana...
   📊 MEGA SCORE: 29.4 (Streaming: 15.4, Critical: 8.4, Meta: 23.2, Apple: 0, SoundCloud: 0)
   📊 Monthly Listeners (3 APIs): 338,565 (avg of Spotify:532,155, Last.fm:362,247, Deezer:31,560)
✓ Analyzed tana: 338,565 monthly listeners
Searching Spotify for: Tezzus
✓ Found: Tezzus (39 popularity, 3,850 followers)
Could not get Spotify top tracks for Tezzus
   Spotify: 312,578 est. streams (fallback)
   Last.fm: 160,900 plays, 8,522 listeners
   Deezer: 18 fans
Could not get YouTube data for Tezzus
Could not get Apple Music data for Tezzus
Searching Discogs for: Tezzus by Tezzus
No Discogs data found
   Twitter API error: 429
🧠 MEGA POWER Analysis for Tezzus...
   📊 MEGA SCORE: 28.0 (Streaming: 0.9, Critical: 12.2, Meta: 15.6, Apple: 0, SoundCloud: 0)
   📊 Monthly Listeners (3 APIs): 123,230 (avg of Spotify:312,578, Last.fm:8,522, Deezer:216)
✓ Analyzed Tezzus: 123,230 monthly listeners
Searching Spotify for: Thirteendegrees
✓ Found: Thirteendegrees (0 popularity, 0 followers)
Could not get Spotify top tracks for Thirteendegrees
   Spotify: 0 est. streams (fallback)
   Last.fm: 2,905 plays, 139 listeners
   Deezer: 53 fans
Could not get YouTube data for Thirteendegrees
Could not get Apple Music data for Thirteendegrees
Searching Discogs for: Thirteendegrees by Thirteendegrees
No Discogs data found
   Twitter API error: 429
🧠 MEGA POWER Analysis for Thirteendegrees...
   📊 MEGA SCORE: 32.5 (Streaming: 0.0, Critical: 20.0, Meta: 0.0, Apple: 0, SoundCloud: 0)
   📊 Monthly Listeners (2 APIs): 356 (avg of Last.fm:139, Deezer:636)
✓ Analyzed Thirteendegrees: 356 monthly listeners
Searching Spotify for: Unitus
✓ Found: Unitus (0 popularity, 68 followers)
Could not get Spotify top tracks for Unitus
   Spotify: 10 est. streams (fallback)
   Last.fm: 79,970 plays, 7,043 listeners
   Deezer: 14 fans
Could not get YouTube data for Unitus
Could not get Apple Music data for Unitus
Searching Discogs for: Unitus by Unitus
No Discogs data found
   Twitter API error: 429
🧠 MEGA POWER Analysis for Unitus...
   📊 MEGA SCORE: 32.5 (Streaming: 0.0, Critical: 20.0, Meta: 0.0, Apple: 0, SoundCloud: 0)
   📊 Monthly Listeners (3 APIs): 2,487 (avg of Spotify:10, Last.fm:7,043, Deezer:168)
✓ Analyzed Unitus: 2,487 monthly listeners
Searching Spotify for: Untiljapan
✓ Found: untiljapan (52 popularity, 85,911 followers)
Could not get Spotify top tracks for Untiljapan
   Spotify: 428,887 est. streams (fallback)
   Last.fm: 5,273,171 plays, 106,790 listeners
   Deezer: 653 fans
Could not get YouTube data for Untiljapan
Could not get Apple Music data for Untiljapan
Searching Discogs for: untiljapan by untiljapan
No Discogs data found
   Twitter API error: 429
🧠 MEGA POWER Analysis for untiljapan...
   📊 MEGA SCORE: 27.4 (Streaming: 4.4, Critical: 9.6, Meta: 20.8, Apple: 0, SoundCloud: 0)
   📊 Monthly Listeners (3 APIs): 204,032 (avg of Spotify:428,887, Last.fm:106,790, Deezer:7,836)
✓ Analyzed Untiljapan: 204,032 monthly listeners
Searching Spotify for: Veeze
✓ Found: Veeze (67 popularity, 292,614 followers)
Could not get Spotify top tracks for Veeze
   Spotify: 579,892 est. streams (fallback)
   Last.fm: 12,735,889 plays, 226,208 listeners
   Deezer: 4,495 fans
Could not get YouTube data for Veeze
Could not get Apple Music data for Veeze
Searching Discogs for: Veeze by Veeze
No Discogs data found
   Twitter API error: 429
🧠 MEGA POWER Analysis for Veeze...
   📊 MEGA SCORE: 27.5 (Streaming: 12.0, Critical: 6.6, Meta: 26.8, Apple: 0, SoundCloud: 0)
   📊 Monthly Listeners (3 APIs): 315,860 (avg of Spotify:579,892, Last.fm:226,208, Deezer:53,940)
✓ Analyzed Veeze: 315,860 monthly listeners
Searching Spotify for: velarian
✓ Found: Velarian (0 popularity, 119 followers)
Could not get Spotify top tracks for velarian
   Spotify: 18 est. streams (fallback)
   Last.fm: 1,323 plays, 360 listeners
   Deezer: 118 fans
Could not get YouTube data for velarian
Could not get Apple Music data for velarian
Searching Discogs for: Velarian by Velarian
No Discogs data found
   Twitter API error: 429
🧠 MEGA POWER Analysis for Velarian...
   📊 MEGA SCORE: 32.5 (Streaming: 0.0, Critical: 20.0, Meta: 0.0, Apple: 0, SoundCloud: 0)
   📊 Monthly Listeners (3 APIs): 513 (avg of Spotify:18, Last.fm:360, Deezer:1,416)
✓ Analyzed velarian: 513 monthly listeners
Searching Spotify for: yung fazo
✓ Found: Yung Fazo (52 popularity, 104,750 followers)
Could not get Spotify top tracks for yung fazo
   Spotify: 431,713 est. streams (fallback)
   Last.fm: 4,198,543 plays, 165,991 listeners
   Deezer: 1,158 fans
Could not get YouTube data for yung fazo
Could not get Apple Music data for yung fazo
Searching Discogs for: Yung Fazo by Yung Fazo
No Discogs data found
   Twitter API error: 429
🧠 MEGA POWER Analysis for Yung Fazo...
   📊 MEGA SCORE: 27.4 (Streaming: 4.7, Critical: 9.6, Meta: 20.8, Apple: 0, SoundCloud: 0)
   📊 Monthly Listeners (3 APIs): 227,243 (avg of Spotify:431,713, Last.fm:165,991, Deezer:13,896)
✓ Analyzed yung fazo: 227,243 monthly listeners
Searching Spotify for: Yung Kayo
✓ Found: Yung Kayo (44 popularity, 36,382 followers)
Could not get Spotify top tracks for Yung Kayo
   Spotify: 357,457 est. streams (fallback)
   Last.fm: 2,321,962 plays, 103,641 listeners
   Deezer: 524 fans
Could not get YouTube data for Yung Kayo
Could not get Apple Music data for Yung Kayo
Searching Discogs for: Yung Kayo by Yung Kayo
No Discogs data found
   Twitter API error: 429
🧠 MEGA POWER Analysis for Yung Kayo...
   📊 MEGA SCORE: 27.8 (Streaming: 2.3, Critical: 11.2, Meta: 17.6, Apple: 0, SoundCloud: 0)
   📊 Monthly Listeners (3 APIs): 175,052 (avg of Spotify:357,457, Last.fm:103,641, Deezer:6,288)
✓ Analyzed Yung Kayo: 175,052 monthly listeners
Searching Spotify for: zaan6below
✓ Found: Zaan6Below (5 popularity, 455 followers)
Could not get Spotify top tracks for zaan6below
   Spotify: 40,068 est. streams (fallback)
   Last.fm: 4,319 plays, 338 listeners
   Deezer: 2 fans
Could not get YouTube data for zaan6below
Could not get Apple Music data for zaan6below
Searching Discogs for: Zaan6Below by Zaan6Below
No Discogs data found
   Twitter API error: 429
🧠 MEGA POWER Analysis for Zaan6Below...
   📊 MEGA SCORE: 31.9 (Streaming: 0.1, Critical: 19.0, Meta: 2.0, Apple: 0, SoundCloud: 0)
   📊 Monthly Listeners (3 APIs): 15,534 (avg of Spotify:40,068, Last.fm:338, Deezer:24)
✓ Analyzed zaan6below: 15,534 monthly listeners
Searching Spotify for: Zukenee
✓ Found: Zukenee (42 popularity, 14,527 followers)
Could not get Spotify top tracks for Zukenee
   Spotify: 338,179 est. streams (fallback)
   Last.fm: 661,328 plays, 25,687 listeners
   Deezer: 183 fans
Could not get YouTube data for Zukenee
Could not get Apple Music data for Zukenee
Searching Discogs for: Zukenee by Zukenee
No Discogs data found
   Twitter API error: 429
🧠 MEGA POWER Analysis for Zukenee...
   📊 MEGA SCORE: 27.8 (Streaming: 1.4, Critical: 11.6, Meta: 16.8, Apple: 0, SoundCloud: 0)
   📊 Monthly Listeners (3 APIs): 139,552 (avg of Spotify:338,179, Last.fm:25,687, Deezer:2,196)
✓ Analyzed Zukenee: 139,552 monthly listeners
Searching Spotify for: 2hollis
✓ Found: 2hollis (74 popularity, 477,388 followers)
Could not get Spotify top tracks for 2hollis
   Spotify: 663,608 est. streams (fallback)
   Last.fm: 54,817,820 plays, 583,217 listeners
   Deezer: 85 fans
Could not get YouTube data for 2hollis
Could not get Apple Music data for 2hollis
Searching Discogs for: 2hollis by 2hollis
No Discogs data found
   Twitter API error: 429
🧠 MEGA POWER Analysis for 2hollis...
   📊 MEGA SCORE: 29.8 (Streaming: 24.6, Critical: 5.2, Meta: 29.6, Apple: 0, SoundCloud: 0)
   📊 Monthly Listeners (3 APIs): 457,391 (avg of Spotify:663,608, Last.fm:583,217, Deezer:1,020)
✓ Analyzed 2hollis: 457,391 monthly listeners
Searching Spotify for: 6evermir
✓ Found: 6evermir (0 popularity, 3 followers)
Could not get Spotify top tracks for 6evermir
   Spotify: 0 est. streams (fallback)
   Last.fm: 30,267 plays, 1,736 listeners
   Deezer: 6 fans
Could not get YouTube data for 6evermir
Could not get Apple Music data for 6evermir
Searching Discogs for: 6evermir by 6evermir
No Discogs data found
   Twitter API error: 429
🧠 MEGA POWER Analysis for 6evermir...
   📊 MEGA SCORE: 32.5 (Streaming: 0.0, Critical: 20.0, Meta: 0.0, Apple: 0, SoundCloud: 0)
   📊 Monthly Listeners (2 APIs): 1,008 (avg of Last.fm:1,736, Deezer:72)
✓ Analyzed 6evermir: 1,008 monthly listeners
Searching Spotify for: 9geek
✓ Found: 9geek (0 popularity, 0 followers)
Could not get Spotify top tracks for 9geek
   Spotify: 0 est. streams (fallback)
   Last.fm: 4,703 plays, 317 listeners
   Deezer: 0 fans
Could not get YouTube data for 9geek
Could not get Apple Music data for 9geek
Searching Discogs for: 9geek by 9geek
No Discogs data found
   Twitter API error: 429
🧠 MEGA POWER Analysis for 9geek...
   📊 MEGA SCORE: 32.5 (Streaming: 0.0, Critical: 20.0, Meta: 0.0, Apple: 0, SoundCloud: 0)
   📊 Monthly Listeners (1 APIs): 317 (avg of Last.fm:317)
✓ Analyzed 9geek: 317 monthly listeners
Searching Spotify for: osamason
✓ Found: OsamaSon (70 popularity, 411,290 followers)
Could not get Spotify top tracks for osamason
   Spotify: 621,694 est. streams (fallback)
   Last.fm: 72,458,913 plays, 331,757 listeners
   Deezer: 10,591 fans
Could not get YouTube data for osamason
Could not get Apple Music data for osamason
Searching Discogs for: OsamaSon by OsamaSon
No Discogs data found
   Twitter API error: 429
🧠 MEGA POWER Analysis for OsamaSon...
   📊 MEGA SCORE: 31.1 (Streaming: 27.9, Critical: 6.0, Meta: 28.0, Apple: 0, SoundCloud: 0)
   📊 Monthly Listeners (3 APIs): 388,169 (avg of Spotify:621,694, Last.fm:331,757, Deezer:127,092)
✓ Analyzed osamason: 388,169 monthly listeners
Searching Spotify for: che
❌ No good match found for: che (best similarity: 0.00), skipping
Searching Spotify for: molly santana
✓ Found: Molly Santana (57 popularity, 133,749 followers)
Could not get Spotify top tracks for molly santana
   Spotify: 476,062 est. streams (fallback)
   Last.fm: 7,489,027 plays, 125,628 listeners
   Deezer: 836 fans
